[     520ms] [INFO] %cDownload the React DevTools for a better development experience: https://reactjs.org/link/react-devtools font-weight:bold @ webpack-internal:///(app-pages-browser)/./node_modules/next/dist/compiled/react-dom/cjs/react-dom.development.js:38559
[     681ms] [LOG] %c[Web Vitals] LCP: 184ms (good) color: #0cce6b; font-weight: bold; @ webpack-internal:///(app-pages-browser)/./node_modules/@sentry/react/node_modules/@sentry/core/build/esm/instrument/console.js:43
[     681ms] [LOG] %c[Web Vitals] FCP: 184ms (good) color: #0cce6b; font-weight: bold; @ webpack-internal:///(app-pages-browser)/./node_modules/@sentry/react/node_modules/@sentry/core/build/esm/instrument/console.js:43
[     682ms] [LOG] %c[Web Vitals] TTFB: 118ms (good) color: #0cce6b; font-weight: bold; @ webpack-internal:///(app-pages-browser)/./node_modules/@sentry/react/node_modules/@sentry/core/build/esm/instrument/console.js:43
[     682ms] [LOG] %c[Web Vitals] LCP: 184ms (good) color: #0cce6b; font-weight: bold; @ webpack-internal:///(app-pages-browser)/./node_modules/@sentry/react/node_modules/@sentry/core/build/esm/instrument/console.js:43
[     682ms] [LOG] %c[Web Vitals] FCP: 184ms (good) color: #0cce6b; font-weight: bold; @ webpack-internal:///(app-pages-browser)/./node_modules/@sentry/react/node_modules/@sentry/core/build/esm/instrument/console.js:43
[     682ms] [LOG] %c[Web Vitals] TTFB: 118ms (good) color: #0cce6b; font-weight: bold; @ webpack-internal:///(app-pages-browser)/./node_modules/@sentry/react/node_modules/@sentry/core/build/esm/instrument/console.js:43
[     683ms] [LOG] %c[Web Vitals] CLS: 0.000ms (good) color: #0cce6b; font-weight: bold; @ webpack-internal:///(app-pages-browser)/./node_modules/@sentry/react/node_modules/@sentry/core/build/esm/instrument/console.js:43
[     683ms] [LOG] %c[Web Vitals] CLS: 0.000ms (good) color: #0cce6b; font-weight: bold; @ webpack-internal:///(app-pages-browser)/./node_modules/@sentry/react/node_modules/@sentry/core/build/esm/instrument/console.js:43
[     784ms] [INFO] Banner not shown: beforeinstallpromptevent.preventDefault() called. The page must call beforeinstallpromptevent.prompt() to show the banner. @ http://localhost:3000/?bust=3:0
[     846ms] [LOG] %c[Web Vitals] LCP: 772ms (good) color: #0cce6b; font-weight: bold; @ webpack-internal:///(app-pages-browser)/./node_modules/@sentry/react/node_modules/@sentry/core/build/esm/instrument/console.js:43
[     846ms] [LOG] %c[Web Vitals] LCP: 772ms (good) color: #0cce6b; font-weight: bold; @ webpack-internal:///(app-pages-browser)/./node_modules/@sentry/react/node_modules/@sentry/core/build/esm/instrument/console.js:43
[     860ms] [LOG] %c[Web Vitals] LCP: 784ms (good) color: #0cce6b; font-weight: bold; @ webpack-internal:///(app-pages-browser)/./node_modules/@sentry/react/node_modules/@sentry/core/build/esm/instrument/console.js:43
[     860ms] [LOG] %c[Web Vitals] LCP: 784ms (good) color: #0cce6b; font-weight: bold; @ webpack-internal:///(app-pages-browser)/./node_modules/@sentry/react/node_modules/@sentry/core/build/esm/instrument/console.js:43
[     941ms] [LOG] %c[Web Vitals] CLS: 0.002ms (good) color: #0cce6b; font-weight: bold; @ webpack-internal:///(app-pages-browser)/./node_modules/@sentry/react/node_modules/@sentry/core/build/esm/instrument/console.js:43
[     941ms] [LOG] %c[Web Vitals] CLS: 0.002ms (good) color: #0cce6b; font-weight: bold; @ webpack-internal:///(app-pages-browser)/./node_modules/@sentry/react/node_modules/@sentry/core/build/esm/instrument/console.js:43
[     944ms] [ERROR] Failed to load resource: the server responded with a status of 401 (Unauthorized) @ http://localhost:3000/api/csrf:0
[     945ms] [ERROR] [csrfFetch] Failed to obtain CSRF token: 401 @ webpack-internal:///(app-pages-browser)/./node_modules/next/dist/client/app-index.js:32
[    1563ms] [LOG] [Fast Refresh] rebuilding @ webpack-internal:///(app-pages-browser)/./node_modules/@sentry/react/node_modules/@sentry/core/build/esm/instrument/console.js:43
[    1612ms] [LOG] %c[Web Vitals] LCP: 1536ms (good) color: #0cce6b; font-weight: bold; @ webpack-internal:///(app-pages-browser)/./node_modules/@sentry/react/node_modules/@sentry/core/build/esm/instrument/console.js:43
[    1612ms] [LOG] %c[Web Vitals] LCP: 1536ms (good) color: #0cce6b; font-weight: bold; @ webpack-internal:///(app-pages-browser)/./node_modules/@sentry/react/node_modules/@sentry/core/build/esm/instrument/console.js:43
[    3844ms] [LOG] [Fast Refresh] done in 2281ms @ webpack-internal:///(app-pages-browser)/./node_modules/@sentry/react/node_modules/@sentry/core/build/esm/instrument/console.js:43
[    4057ms] [LOG] [Fast Refresh] rebuilding @ webpack-internal:///(app-pages-browser)/./node_modules/@sentry/react/node_modules/@sentry/core/build/esm/instrument/console.js:43
[    5515ms] [LOG] [Fast Refresh] done in 1458ms @ webpack-internal:///(app-pages-browser)/./node_modules/@sentry/react/node_modules/@sentry/core/build/esm/instrument/console.js:43
[    5537ms] [ERROR] Failed to load resource: the server responded with a status of 401 (Unauthorized) @ http://localhost:3000/api/hypercredits/wallet:0
[    6083ms] [LOG] [Fast Refresh] rebuilding @ webpack-internal:///(app-pages-browser)/./node_modules/@sentry/react/node_modules/@sentry/core/build/esm/instrument/console.js:43
[    6649ms] [LOG] [Fast Refresh] done in 566ms @ webpack-internal:///(app-pages-browser)/./node_modules/@sentry/react/node_modules/@sentry/core/build/esm/instrument/console.js:43
[   10565ms] [ERROR] Failed to load resource: the server responded with a status of 401 (Unauthorized) @ http://localhost:3000/api/csrf:0
[   10566ms] [ERROR] [csrfFetch] Failed to obtain CSRF token: 401 @ webpack-internal:///(app-pages-browser)/./node_modules/next/dist/client/app-index.js:32
[   10590ms] [ERROR] Failed to load resource: the server responded with a status of 401 (Unauthorized) @ http://localhost:3000/api/hypercredits/wallet:0
[   25661ms] [ERROR] Failed to load resource: the server responded with a status of 401 (Unauthorized) @ http://localhost:3000/api/csrf:0
[   25662ms] [ERROR] [csrfFetch] Failed to obtain CSRF token: 401 @ webpack-internal:///(app-pages-browser)/./node_modules/next/dist/client/app-index.js:32
[   25706ms] [ERROR] Failed to load resource: the server responded with a status of 401 (Unauthorized) @ http://localhost:3000/api/hypercredits/wallet:0
