[     539ms] [INFO] %cDownload the React DevTools for a better development experience: https://reactjs.org/link/react-devtools font-weight:bold @ webpack-internal:///(app-pages-browser)/./node_modules/next/dist/compiled/react-dom/cjs/react-dom.development.js:38559
[     691ms] [ERROR] Warning: Prop `%s` did not match. Server: %s Client: %s%s className "lucide lucide-user-x h-5 w-5 text-foreground/65" "lucide lucide-user-x h-5 w-5 text-brand-orange" 
    at svg
    at eval (webpack-internal:///(app-pages-browser)/./node_modules/lucide-react/dist/esm/createLucideIcon.js:19:15)
    at div
    at div
    at div
    at div
    at MotionComponent (webpack-internal:///(app-pages-browser)/./node_modules/framer-motion/dist/es/motion/index.mjs:54:65)
    at StaggerItem (webpack-internal:///(app-pages-browser)/./components/ui/motion.tsx:90:11)
    at div
    at div
    at MotionComponent (webpack-internal:///(app-pages-browser)/./node_modules/framer-motion/dist/es/motion/index.mjs:54:65)
    at StaggerContainer (webpack-internal:///(app-pages-browser)/./components/ui/motion.tsx:63:11)
    at div
    at section
    at TradesKnowledgeLaborCrisis
    at div
    at TradesKnowledgePage (Server)
    at InnerLayoutRouter (webpack-internal:///(app-pages-browser)/./node_modules/next/dist/client/components/layout-router.js:243:11)
    at RedirectErrorBoundary (webpack-internal:///(app-pages-browser)/./node_modules/next/dist/client/components/redirect-boundary.js:74:9)
    at RedirectBoundary (webpack-internal:///(app-pages-browser)/./node_modules/next/dist/client/components/redirect-boundary.js:82:11)
    at NotFoundBoundary (webpack-internal:///(app-pages-browser)/./node_modules/next/dist/client/components/not-found-boundary.js:84:11)
    at LoadingBoundary (webpack-internal:///(app-pages-browser)/./node_modules/next/dist/client/components/layout-router.js:349:11)
    at ErrorBoundary (webpack-internal:///(app-pages-browser)/./node_modules/next/dist/client/components/error-boundary.js:160:11)
    at InnerScrollAndFocusHandler (webpack-internal:///(app-pages-browser)/./node_modules/next/dist/client/components/layout-router.js:153:9)
    at ScrollAndFocusHandler (webpack-internal:///(app-pages-browser)/./node_modules/next/dist/client/components/layout-router.js:228:11)
    at RenderFromTemplateContext (webpack-internal:///(app-pages-browser)/./node_modules/next/dist/client/components/render-from-template-context.js:16:44)
    at OuterLayoutRouter (webpack-internal:///(app-pages-browser)/./node_modules/next/dist/client/components/layout-router.js:370:11)
    at InnerLayoutRouter (webpack-internal:///(app-pages-browser)/./node_modules/next/dist/client/components/layout-router.js:243:11)
    at RedirectErrorBoundary (webpack-internal:///(app-pages-browser)/./node_modules/next/dist/client/components/redirect-boundary.js:74:9)
    at RedirectBoundary (webpack-internal:///(app-pages-browser)/./node_modules/next/dist/client/components/redirect-boundary.js:82:11)
    at NotFoundErrorBoundary (webpack-internal:///(app-pages-browser)/./node_modules/next/dist/client/components/not-found-boundary.js:76:9)
    at NotFoundBoundary (webpack-internal:///(app-pages-browser)/./node_modules/next/dist/client/components/not-found-boundary.js:84:11)
    at Suspense
    at LoadingBoundary (webpack-internal:///(app-pages-browser)/./node_modules/next/dist/client/components/layout-router.js:349:11)
    at ErrorBoundaryHandler (webpack-internal:///(app-pages-browser)/./node_modules/next/dist/client/components/error-boundary.js:113:9)
    at ErrorBoundary (webpack-internal:///(app-pages-browser)/./node_modules/next/dist/client/components/error-boundary.js:160:11)
    at InnerScrollAndFocusHandler (webpack-internal:///(app-pages-browser)/./node_modules/next/dist/client/components/layout-router.js:153:9)
    at ScrollAndFocusHandler (webpack-internal:///(app-pages-browser)/./node_modules/next/dist/client/components/layout-router.js:228:11)
    at RenderFromTemplateContext (webpack-internal:///(app-pages-browser)/./node_modules/next/dist/client/components/render-from-template-context.js:16:44)
    at OuterLayoutRouter (webpack-internal:///(app-pages-browser)/./node_modules/next/dist/client/components/layout-router.js:370:11)
    at main
    at SWRConfig (webpack-internal:///(app-pages-browser)/./node_modules/swr/dist/_internal/config-context-12s-CCVTDPOP.mjs:556:13)
    at SWRProvider (webpack-internal:///(app-pages-browser)/./lib/swr/SWRProvider.tsx:16:11)
    at AuthProvider (webpack-internal:///(app-pages-browser)/./lib/auth/context.tsx:37:11)
    at PageTransitionProvider (webpack-internal:///(app-pages-browser)/./components/ui/page-transition.tsx:471:11)
    at Provider (webpack-internal:///(app-pages-browser)/./node_modules/react-redux/dist/react-redux.mjs:891:11)
    at ReduxProvider (webpack-internal:///(app-pages-browser)/./lib/store/provider.tsx:12:11)
    at IntlProvider (webpack-internal:///(app-pages-browser)/./node_modules/use-intl/dist/esm/development/react.js:26:3)
    at NextIntlClientProvider (webpack-internal:///(app-pages-browser)/./node_modules/next-intl/dist/esm/development/shared/NextIntlClientProvider.js:10:11)
    at NextIntlClientProviderServer (Server)
    at body
    at html
    at RootLayout (Server)
    at RedirectErrorBoundary (webpack-internal:///(app-pages-browser)/./node_modules/next/dist/client/components/redirect-boundary.js:74:9)
    at RedirectBoundary (webpack-internal:///(app-pages-browser)/./node_modules/next/dist/client/components/redirect-boundary.js:82:11)
    at NotFoundErrorBoundary (webpack-internal:///(app-pages-browser)/./node_modules/next/dist/client/components/not-found-boundary.js:76:9)
    at NotFoundBoundary (webpack-internal:///(app-pages-browser)/./node_modules/next/dist/client/components/not-found-boundary.js:84:11)
    at DevRootNotFoundBoundary (webpack-internal:///(app-pages-browser)/./node_modules/next/dist/client/components/dev-root-not-found-boundary.js:33:11)
    at ReactDevOverlay (webpack-internal:///(app-pages-browser)/./node_modules/next/dist/client/components/react-dev-overlay/app/ReactDevOverlay.js:87:9)
    at HotReload (webpack-internal:///(app-pages-browser)/./node_modules/next/dist/client/components/react-dev-overlay/app/hot-reloader-client.js:321:11)
    at Router (webpack-internal:///(app-pages-browser)/./node_modules/next/dist/client/components/app-router.js:207:11)
    at ErrorBoundaryHandler (webpack-internal:///(app-pages-browser)/./node_modules/next/dist/client/components/error-boundary.js:113:9)
    at ErrorBoundary (webpack-internal:///(app-pages-browser)/./node_modules/next/dist/client/components/error-boundary.js:160:11)
    at AppRouter (webpack-internal:///(app-pages-browser)/./node_modules/next/dist/client/components/app-router.js:585:13)
    at ServerRoot (webpack-internal:///(app-pages-browser)/./node_modules/next/dist/client/app-index.js:112:27)
    at Root (webpack-internal:///(app-pages-browser)/./node_modules/next/dist/client/app-index.js:117:11) @ webpack-internal:///(app-pages-browser)/./node_modules/next/dist/client/app-index.js:32
[     713ms] Error: Hydration failed because the initial UI does not match what was rendered on the server.
See more info here: https://nextjs.org/docs/messages/react-hydration-error
    at throwOnHydrationMismatch (webpack-internal:///(app-pages-browser)/./node_modules/next/dist/compiled/react-dom/cjs/react-dom.development.js:6981:9)
    at tryToClaimNextHydratableInstance (webpack-internal:///(app-pages-browser)/./node_modules/next/dist/compiled/react-dom/cjs/react-dom.development.js:7040:7)
    at updateHostComponent$1 (webpack-internal:///(app-pages-browser)/./node_modules/next/dist/compiled/react-dom/cjs/react-dom.development.js:16621:5)
    at beginWork$1 (webpack-internal:///(app-pages-browser)/./node_modules/next/dist/compiled/react-dom/cjs/react-dom.development.js:18503:14)
    at HTMLUnknownElement.callCallback (webpack-internal:///(app-pages-browser)/./node_modules/next/dist/compiled/react-dom/cjs/react-dom.development.js:20565:14)
    at HTMLUnknownElement.sentryWrapped (webpack-internal:///(app-pages-browser)/./node_modules/@sentry/react/node_modules/@sentry/browser/build/npm/esm/dev/helpers.js:107:17)
    at Object.invokeGuardedCallbackImpl (webpack-internal:///(app-pages-browser)/./node_modules/next/dist/compiled/react-dom/cjs/react-dom.development.js:20614:16)
    at invokeGuardedCallback (webpack-internal:///(app-pages-browser)/./node_modules/next/dist/compiled/react-dom/cjs/react-dom.development.js:20689:29)
    at beginWork (webpack-internal:///(app-pages-browser)/./node_modules/next/dist/compiled/react-dom/cjs/react-dom.development.js:26949:7)
    at performUnitOfWork (webpack-internal:///(app-pages-browser)/./node_modules/next/dist/compiled/react-dom/cjs/react-dom.development.js:25748:12)
    at workLoopSync (webpack-internal:///(app-pages-browser)/./node_modules/next/dist/compiled/react-dom/cjs/react-dom.development.js:25464:5)
    at renderRootSync (webpack-internal:///(app-pages-browser)/./node_modules/next/dist/compiled/react-dom/cjs/react-dom.development.js:25419:7)
    at performSyncWorkOnRoot (webpack-internal:///(app-pages-browser)/./node_modules/next/dist/compiled/react-dom/cjs/react-dom.development.js:24887:20)
    at flushSyncWorkAcrossRoots_impl (webpack-internal:///(app-pages-browser)/./node_modules/next/dist/compiled/react-dom/cjs/react-dom.development.js:7758:13)
    at flushSyncWorkOnAllRoots (webpack-internal:///(app-pages-browser)/./node_modules/next/dist/compiled/react-dom/cjs/react-dom.development.js:7718:3)
    at commitRootImpl (webpack-internal:///(app-pages-browser)/./node_modules/next/dist/compiled/react-dom/cjs/react-dom.development.js:26369:3)
    at commitRoot (webpack-internal:///(app-pages-browser)/./node_modules/next/dist/compiled/react-dom/cjs/react-dom.development.js:26077:5)
    at commitRootWhenReady (webpack-internal:///(app-pages-browser)/./node_modules/next/dist/compiled/react-dom/cjs/react-dom.development.js:24749:3)
    at finishConcurrentRender (webpack-internal:///(app-pages-browser)/./node_modules/next/dist/compiled/react-dom/cjs/react-dom.development.js:24714:5)
    at performConcurrentWorkOnRoot (webpack-internal:///(app-pages-browser)/./node_modules/next/dist/compiled/react-dom/cjs/react-dom.development.js:24559:9)
    at workLoop (webpack-internal:///(app-pages-browser)/./node_modules/next/dist/compiled/scheduler/cjs/scheduler.development.js:256:34)
    at flushWork (webpack-internal:///(app-pages-browser)/./node_modules/next/dist/compiled/scheduler/cjs/scheduler.development.js:225:14)
    at MessagePort.performWorkUntilDeadline (webpack-internal:///(app-pages-browser)/./node_modules/next/dist/compiled/scheduler/cjs/scheduler.development.js:534:21)
[     723ms] Error: Hydration failed because the initial UI does not match what was rendered on the server.
See more info here: https://nextjs.org/docs/messages/react-hydration-error
    at throwOnHydrationMismatch (webpack-internal:///(app-pages-browser)/./node_modules/next/dist/compiled/react-dom/cjs/react-dom.development.js:6981:9)
    at tryToClaimNextHydratableInstance (webpack-internal:///(app-pages-browser)/./node_modules/next/dist/compiled/react-dom/cjs/react-dom.development.js:7040:7)
    at updateHostComponent$1 (webpack-internal:///(app-pages-browser)/./node_modules/next/dist/compiled/react-dom/cjs/react-dom.development.js:16621:5)
    at beginWork$1 (webpack-internal:///(app-pages-browser)/./node_modules/next/dist/compiled/react-dom/cjs/react-dom.development.js:18503:14)
    at beginWork (webpack-internal:///(app-pages-browser)/./node_modules/next/dist/compiled/react-dom/cjs/react-dom.development.js:26927:14)
    at performUnitOfWork (webpack-internal:///(app-pages-browser)/./node_modules/next/dist/compiled/react-dom/cjs/react-dom.development.js:25748:12)
    at workLoopSync (webpack-internal:///(app-pages-browser)/./node_modules/next/dist/compiled/react-dom/cjs/react-dom.development.js:25464:5)
    at renderRootSync (webpack-internal:///(app-pages-browser)/./node_modules/next/dist/compiled/react-dom/cjs/react-dom.development.js:25419:7)
    at performSyncWorkOnRoot (webpack-internal:///(app-pages-browser)/./node_modules/next/dist/compiled/react-dom/cjs/react-dom.development.js:24887:20)
    at flushSyncWorkAcrossRoots_impl (webpack-internal:///(app-pages-browser)/./node_modules/next/dist/compiled/react-dom/cjs/react-dom.development.js:7758:13)
    at flushSyncWorkOnAllRoots (webpack-internal:///(app-pages-browser)/./node_modules/next/dist/compiled/react-dom/cjs/react-dom.development.js:7718:3)
    at commitRootImpl (webpack-internal:///(app-pages-browser)/./node_modules/next/dist/compiled/react-dom/cjs/react-dom.development.js:26369:3)
    at commitRoot (webpack-internal:///(app-pages-browser)/./node_modules/next/dist/compiled/react-dom/cjs/react-dom.development.js:26077:5)
    at commitRootWhenReady (webpack-internal:///(app-pages-browser)/./node_modules/next/dist/compiled/react-dom/cjs/react-dom.development.js:24749:3)
    at finishConcurrentRender (webpack-internal:///(app-pages-browser)/./node_modules/next/dist/compiled/react-dom/cjs/react-dom.development.js:24714:5)
    at performConcurrentWorkOnRoot (webpack-internal:///(app-pages-browser)/./node_modules/next/dist/compiled/react-dom/cjs/react-dom.development.js:24559:9)
    at workLoop (webpack-internal:///(app-pages-browser)/./node_modules/next/dist/compiled/scheduler/cjs/scheduler.development.js:256:34)
    at flushWork (webpack-internal:///(app-pages-browser)/./node_modules/next/dist/compiled/scheduler/cjs/scheduler.development.js:225:14)
    at MessagePort.performWorkUntilDeadline (webpack-internal:///(app-pages-browser)/./node_modules/next/dist/compiled/scheduler/cjs/scheduler.development.js:534:21)
[     723ms] Error: There was an error while hydrating this Suspense boundary. Switched to client rendering.
See more info here: https://nextjs.org/docs/messages/react-hydration-error
    at updateDehydratedSuspenseComponent (webpack-internal:///(app-pages-browser)/./node_modules/next/dist/compiled/react-dom/cjs/react-dom.development.js:17594:57)
    at updateSuspenseComponent (webpack-internal:///(app-pages-browser)/./node_modules/next/dist/compiled/react-dom/cjs/react-dom.development.js:17193:16)
    at beginWork$1 (webpack-internal:///(app-pages-browser)/./node_modules/next/dist/compiled/react-dom/cjs/react-dom.development.js:18509:14)
    at beginWork (webpack-internal:///(app-pages-browser)/./node_modules/next/dist/compiled/react-dom/cjs/react-dom.development.js:26927:14)
    at performUnitOfWork (webpack-internal:///(app-pages-browser)/./node_modules/next/dist/compiled/react-dom/cjs/react-dom.development.js:25748:12)
    at workLoopSync (webpack-internal:///(app-pages-browser)/./node_modules/next/dist/compiled/react-dom/cjs/react-dom.development.js:25464:5)
    at renderRootSync (webpack-internal:///(app-pages-browser)/./node_modules/next/dist/compiled/react-dom/cjs/react-dom.development.js:25419:7)
    at performSyncWorkOnRoot (webpack-internal:///(app-pages-browser)/./node_modules/next/dist/compiled/react-dom/cjs/react-dom.development.js:24887:20)
    at flushSyncWorkAcrossRoots_impl (webpack-internal:///(app-pages-browser)/./node_modules/next/dist/compiled/react-dom/cjs/react-dom.development.js:7758:13)
    at flushSyncWorkOnAllRoots (webpack-internal:///(app-pages-browser)/./node_modules/next/dist/compiled/react-dom/cjs/react-dom.development.js:7718:3)
    at commitRootImpl (webpack-internal:///(app-pages-browser)/./node_modules/next/dist/compiled/react-dom/cjs/react-dom.development.js:26369:3)
    at commitRoot (webpack-internal:///(app-pages-browser)/./node_modules/next/dist/compiled/react-dom/cjs/react-dom.development.js:26077:5)
    at commitRootWhenReady (webpack-internal:///(app-pages-browser)/./node_modules/next/dist/compiled/react-dom/cjs/react-dom.development.js:24749:3)
    at finishConcurrentRender (webpack-internal:///(app-pages-browser)/./node_modules/next/dist/compiled/react-dom/cjs/react-dom.development.js:24714:5)
    at performConcurrentWorkOnRoot (webpack-internal:///(app-pages-browser)/./node_modules/next/dist/compiled/react-dom/cjs/react-dom.development.js:24559:9)
    at workLoop (webpack-internal:///(app-pages-browser)/./node_modules/next/dist/compiled/scheduler/cjs/scheduler.development.js:256:34)
    at flushWork (webpack-internal:///(app-pages-browser)/./node_modules/next/dist/compiled/scheduler/cjs/scheduler.development.js:225:14)
    at MessagePort.performWorkUntilDeadline (webpack-internal:///(app-pages-browser)/./node_modules/next/dist/compiled/scheduler/cjs/scheduler.development.js:534:21)
[     758ms] [LOG] %c[Web Vitals] LCP: 260ms (good) color: #0cce6b; font-weight: bold; @ webpack-internal:///(app-pages-browser)/./node_modules/@sentry/react/node_modules/@sentry/core/build/esm/instrument/console.js:43
[     758ms] [LOG] %c[Web Vitals] FCP: 260ms (good) color: #0cce6b; font-weight: bold; @ webpack-internal:///(app-pages-browser)/./node_modules/@sentry/react/node_modules/@sentry/core/build/esm/instrument/console.js:43
[     758ms] [LOG] %c[Web Vitals] TTFB: 203ms (good) color: #0cce6b; font-weight: bold; @ webpack-internal:///(app-pages-browser)/./node_modules/@sentry/react/node_modules/@sentry/core/build/esm/instrument/console.js:43
[     758ms] [LOG] %c[Web Vitals] LCP: 260ms (good) color: #0cce6b; font-weight: bold; @ webpack-internal:///(app-pages-browser)/./node_modules/@sentry/react/node_modules/@sentry/core/build/esm/instrument/console.js:43
[     758ms] [LOG] %c[Web Vitals] FCP: 260ms (good) color: #0cce6b; font-weight: bold; @ webpack-internal:///(app-pages-browser)/./node_modules/@sentry/react/node_modules/@sentry/core/build/esm/instrument/console.js:43
[     758ms] [LOG] %c[Web Vitals] TTFB: 203ms (good) color: #0cce6b; font-weight: bold; @ webpack-internal:///(app-pages-browser)/./node_modules/@sentry/react/node_modules/@sentry/core/build/esm/instrument/console.js:43
[     829ms] [INFO] Banner not shown: beforeinstallpromptevent.preventDefault() called. The page must call beforeinstallpromptevent.prompt() to show the banner. @ http://localhost:3000/trades-knowledge?v=v3:0
[     843ms] [LOG] %c[Web Vitals] CLS: 0.001ms (good) color: #0cce6b; font-weight: bold; @ webpack-internal:///(app-pages-browser)/./node_modules/@sentry/react/node_modules/@sentry/core/build/esm/instrument/console.js:43
[     843ms] [LOG] %c[Web Vitals] CLS: 0.001ms (good) color: #0cce6b; font-weight: bold; @ webpack-internal:///(app-pages-browser)/./node_modules/@sentry/react/node_modules/@sentry/core/build/esm/instrument/console.js:43
[     916ms] [LOG] %c[Web Vitals] CLS: 0.001ms (good) color: #0cce6b; font-weight: bold; @ webpack-internal:///(app-pages-browser)/./node_modules/@sentry/react/node_modules/@sentry/core/build/esm/instrument/console.js:43
[     916ms] [LOG] %c[Web Vitals] CLS: 0.001ms (good) color: #0cce6b; font-weight: bold; @ webpack-internal:///(app-pages-browser)/./node_modules/@sentry/react/node_modules/@sentry/core/build/esm/instrument/console.js:43
[     955ms] [ERROR] Failed to load resource: the server responded with a status of 401 (Unauthorized) @ http://localhost:3000/api/csrf:0
[     955ms] [ERROR] [csrfFetch] Failed to obtain CSRF token: 401 @ webpack-internal:///(app-pages-browser)/./node_modules/next/dist/client/app-index.js:32
[     977ms] [ERROR] Failed to load resource: the server responded with a status of 401 (Unauthorized) @ http://localhost:3000/api/hypercredits/wallet:0
[    1295ms] [LOG] %c[Web Vitals] LCP: 1252ms (good) color: #0cce6b; font-weight: bold; @ webpack-internal:///(app-pages-browser)/./node_modules/@sentry/react/node_modules/@sentry/core/build/esm/instrument/console.js:43
[    1295ms] [LOG] %c[Web Vitals] LCP: 1252ms (good) color: #0cce6b; font-weight: bold; @ webpack-internal:///(app-pages-browser)/./node_modules/@sentry/react/node_modules/@sentry/core/build/esm/instrument/console.js:43
[    1395ms] [LOG] %c[Web Vitals] LCP: 1352ms (good) color: #0cce6b; font-weight: bold; @ webpack-internal:///(app-pages-browser)/./node_modules/@sentry/react/node_modules/@sentry/core/build/esm/instrument/console.js:43
[    1395ms] [LOG] %c[Web Vitals] LCP: 1352ms (good) color: #0cce6b; font-weight: bold; @ webpack-internal:///(app-pages-browser)/./node_modules/@sentry/react/node_modules/@sentry/core/build/esm/instrument/console.js:43
[    6001ms] [ERROR] Failed to load resource: the server responded with a status of 401 (Unauthorized) @ http://localhost:3000/api/csrf:0
[    6002ms] [ERROR] [csrfFetch] Failed to obtain CSRF token: 401 @ webpack-internal:///(app-pages-browser)/./node_modules/next/dist/client/app-index.js:32
[    6022ms] [ERROR] Failed to load resource: the server responded with a status of 401 (Unauthorized) @ http://localhost:3000/api/hypercredits/wallet:0
[   16063ms] [ERROR] Failed to load resource: the server responded with a status of 401 (Unauthorized) @ http://localhost:3000/api/csrf:0
[   16064ms] [ERROR] [csrfFetch] Failed to obtain CSRF token: 401 @ webpack-internal:///(app-pages-browser)/./node_modules/next/dist/client/app-index.js:32
[   16087ms] [ERROR] Failed to load resource: the server responded with a status of 401 (Unauthorized) @ http://localhost:3000/api/hypercredits/wallet:0
[ 4855640ms] [ERROR] Failed to load resource: the server responded with a status of 401 (Unauthorized) @ http://localhost:3000/api/csrf:0
[ 4855662ms] [ERROR] [csrfFetch] Failed to obtain CSRF token: 401 @ webpack-internal:///(app-pages-browser)/./node_modules/next/dist/client/app-index.js:32
[ 4856168ms] [ERROR] Failed to load resource: the server responded with a status of 401 (Unauthorized) @ http://localhost:3000/api/hypercredits/wallet:0
[ 4866523ms] [ERROR] Failed to load resource: the server responded with a status of 401 (Unauthorized) @ http://localhost:3000/api/csrf:0
[ 4866525ms] [ERROR] [csrfFetch] Failed to obtain CSRF token: 401 @ webpack-internal:///(app-pages-browser)/./node_modules/next/dist/client/app-index.js:32
[ 4866595ms] [ERROR] Failed to load resource: the server responded with a status of 401 (Unauthorized) @ http://localhost:3000/api/hypercredits/wallet:0
[ 4891737ms] [ERROR] Failed to load resource: the server responded with a status of 401 (Unauthorized) @ http://localhost:3000/api/csrf:0
[ 4891739ms] [ERROR] [csrfFetch] Failed to obtain CSRF token: 401 @ webpack-internal:///(app-pages-browser)/./node_modules/next/dist/client/app-index.js:32
[ 4891782ms] [ERROR] Failed to load resource: the server responded with a status of 401 (Unauthorized) @ http://localhost:3000/api/hypercredits/wallet:0
[ 7803140ms] [LOG] %c[Web Vitals] INP: 304ms (needs-improvement) color: #ffa400; font-weight: bold; @ webpack-internal:///(app-pages-browser)/./node_modules/@sentry/react/node_modules/@sentry/core/build/esm/instrument/console.js:43
[ 7803140ms] [LOG] %c[Web Vitals] INP: 304ms (needs-improvement) color: #ffa400; font-weight: bold; @ webpack-internal:///(app-pages-browser)/./node_modules/@sentry/react/node_modules/@sentry/core/build/esm/instrument/console.js:43
[17063536ms] [ERROR] Failed to load resource: the server responded with a status of 401 (Unauthorized) @ http://localhost:3000/api/csrf:0
[17063550ms] [ERROR] [csrfFetch] Failed to obtain CSRF token: 401 @ webpack-internal:///(app-pages-browser)/./node_modules/next/dist/client/app-index.js:32
[17072851ms] [ERROR] Failed to load resource: the server responded with a status of 401 (Unauthorized) @ http://localhost:3000/api/hypercredits/wallet:0
[17078598ms] [ERROR] Failed to load resource: the server responded with a status of 401 (Unauthorized) @ http://localhost:3000/api/csrf:0
[17078614ms] [ERROR] [csrfFetch] Failed to obtain CSRF token: 401 @ webpack-internal:///(app-pages-browser)/./node_modules/next/dist/client/app-index.js:32
[17078779ms] [ERROR] Failed to load resource: the server responded with a status of 401 (Unauthorized) @ http://localhost:3000/api/hypercredits/wallet:0
[17099088ms] [ERROR] Failed to load resource: the server responded with a status of 401 (Unauthorized) @ http://localhost:3000/api/csrf:0
[17099091ms] [ERROR] [csrfFetch] Failed to obtain CSRF token: 401 @ webpack-internal:///(app-pages-browser)/./node_modules/next/dist/client/app-index.js:32
[17099143ms] [ERROR] Failed to load resource: the server responded with a status of 401 (Unauthorized) @ http://localhost:3000/api/hypercredits/wallet:0
[60736838ms] [ERROR] Failed to load resource: the server responded with a status of 401 (Unauthorized) @ http://localhost:3000/api/csrf:0
[60736876ms] [ERROR] [csrfFetch] Failed to obtain CSRF token: 401 @ webpack-internal:///(app-pages-browser)/./node_modules/next/dist/client/app-index.js:32
[60738526ms] [ERROR] Failed to load resource: the server responded with a status of 401 (Unauthorized) @ http://localhost:3000/api/hypercredits/wallet:0
[60743975ms] [ERROR] Failed to load resource: the server responded with a status of 401 (Unauthorized) @ http://localhost:3000/api/csrf:0
[60743977ms] [ERROR] [csrfFetch] Failed to obtain CSRF token: 401 @ webpack-internal:///(app-pages-browser)/./node_modules/next/dist/client/app-index.js:32
[60744106ms] [ERROR] Failed to load resource: the server responded with a status of 401 (Unauthorized) @ http://localhost:3000/api/hypercredits/wallet:0
[60761947ms] [ERROR] Failed to load resource: the server responded with a status of 401 (Unauthorized) @ http://localhost:3000/api/csrf:0
[60761953ms] [ERROR] [csrfFetch] Failed to obtain CSRF token: 401 @ webpack-internal:///(app-pages-browser)/./node_modules/next/dist/client/app-index.js:32
[60762156ms] [ERROR] Failed to load resource: the server responded with a status of 401 (Unauthorized) @ http://localhost:3000/api/hypercredits/wallet:0
[60792702ms] [ERROR] Failed to load resource: the server responded with a status of 401 (Unauthorized) @ http://localhost:3000/api/csrf:0
[60792722ms] [ERROR] [csrfFetch] Failed to obtain CSRF token: 401 @ webpack-internal:///(app-pages-browser)/./node_modules/next/dist/client/app-index.js:32
[60793102ms] [ERROR] Failed to load resource: the server responded with a status of 401 (Unauthorized) @ http://localhost:3000/api/hypercredits/wallet:0
[60810624ms] [ERROR] Failed to load resource: the server responded with a status of 401 (Unauthorized) @ http://localhost:3000/api/csrf:0
[60810628ms] [ERROR] [csrfFetch] Failed to obtain CSRF token: 401 @ webpack-internal:///(app-pages-browser)/./node_modules/next/dist/client/app-index.js:32
[60810713ms] [ERROR] Failed to load resource: the server responded with a status of 401 (Unauthorized) @ http://localhost:3000/api/hypercredits/wallet:0
[60821439ms] [ERROR] Failed to load resource: the server responded with a status of 401 (Unauthorized) @ http://localhost:3000/api/csrf:0
[60821442ms] [ERROR] [csrfFetch] Failed to obtain CSRF token: 401 @ webpack-internal:///(app-pages-browser)/./node_modules/next/dist/client/app-index.js:32
[60821738ms] [ERROR] Failed to load resource: the server responded with a status of 401 (Unauthorized) @ http://localhost:3000/api/hypercredits/wallet:0
[60835977ms] [ERROR] Failed to load resource: the server responded with a status of 401 (Unauthorized) @ http://localhost:3000/api/csrf:0
[60835979ms] [ERROR] [csrfFetch] Failed to obtain CSRF token: 401 @ webpack-internal:///(app-pages-browser)/./node_modules/next/dist/client/app-index.js:32
[60836897ms] [ERROR] Failed to load resource: the server responded with a status of 401 (Unauthorized) @ http://localhost:3000/api/hypercredits/wallet:0
[60843350ms] [ERROR] Failed to load resource: the server responded with a status of 401 (Unauthorized) @ http://localhost:3000/api/csrf:0
[60843355ms] [ERROR] [csrfFetch] Failed to obtain CSRF token: 401 @ webpack-internal:///(app-pages-browser)/./node_modules/next/dist/client/app-index.js:32
[60843650ms] [ERROR] Failed to load resource: the server responded with a status of 401 (Unauthorized) @ http://localhost:3000/api/hypercredits/wallet:0
[60854211ms] [ERROR] Failed to load resource: the server responded with a status of 401 (Unauthorized) @ http://localhost:3000/api/csrf:0
[60854216ms] [ERROR] [csrfFetch] Failed to obtain CSRF token: 401 @ webpack-internal:///(app-pages-browser)/./node_modules/next/dist/client/app-index.js:32
[60854423ms] [ERROR] Failed to load resource: the server responded with a status of 401 (Unauthorized) @ http://localhost:3000/api/hypercredits/wallet:0
