[     131ms] [ERROR] [csrfFetch] Failed to obtain CSRF token: TypeError: Failed to fetch
    at eval (webpack-internal:///(app-pages-browser)/./node_modules/@sentry/react/node_modules/@sentry/core/build/esm/instrument/fetch.js:92:28)
    at ensureToken (webpack-internal:///(app-pages-browser)/./lib/api/csrfFetch.ts:29:24)
    at csrfFetch (webpack-internal:///(app-pages-browser)/./lib/api/csrfFetch.ts:50:25)
    at swrFetcher (webpack-internal:///(app-pages-browser)/./lib/hooks/useAPI.ts:30:84)
    at eval (webpack-internal:///(app-pages-browser)/./node_modules/swr/dist/_internal/index.mjs:110:98)
    at eval (webpack-internal:///(app-pages-browser)/./node_modules/swr/dist/index/index.mjs:411:21)
    at Array.onRevalidate (webpack-internal:///(app-pages-browser)/./node_modules/swr/dist/index/index.mjs:571:24)
    at currentConfig.onErrorRetry.retryCount (webpack-internal:///(app-pages-browser)/./node_modules/swr/dist/index/index.mjs:498:52)
    at sentryWrapped (webpack-internal:///(app-pages-browser)/./node_modules/@sentry/react/node_modules/@sentry/browser/build/npm/esm/dev/helpers.js:107:17) @ webpack-internal:///(app-pages-browser)/./node_modules/next/dist/client/app-index.js:32
[     505ms] [INFO] %cDownload the React DevTools for a better development experience: https://reactjs.org/link/react-devtools font-weight:bold @ webpack-internal:///(app-pages-browser)/./node_modules/next/dist/compiled/react-dom/cjs/react-dom.development.js:38559
[     629ms] [LOG] %c[Web Vitals] LCP: 156ms (good) color: #0cce6b; font-weight: bold; @ webpack-internal:///(app-pages-browser)/./node_modules/@sentry/react/node_modules/@sentry/core/build/esm/instrument/console.js:43
[     629ms] [LOG] %c[Web Vitals] FCP: 156ms (good) color: #0cce6b; font-weight: bold; @ webpack-internal:///(app-pages-browser)/./node_modules/@sentry/react/node_modules/@sentry/core/build/esm/instrument/console.js:43
[     629ms] [LOG] %c[Web Vitals] TTFB: 76ms (good) color: #0cce6b; font-weight: bold; @ webpack-internal:///(app-pages-browser)/./node_modules/@sentry/react/node_modules/@sentry/core/build/esm/instrument/console.js:43
[     629ms] [LOG] %c[Web Vitals] LCP: 156ms (good) color: #0cce6b; font-weight: bold; @ webpack-internal:///(app-pages-browser)/./node_modules/@sentry/react/node_modules/@sentry/core/build/esm/instrument/console.js:43
[     629ms] [LOG] %c[Web Vitals] FCP: 156ms (good) color: #0cce6b; font-weight: bold; @ webpack-internal:///(app-pages-browser)/./node_modules/@sentry/react/node_modules/@sentry/core/build/esm/instrument/console.js:43
[     629ms] [LOG] %c[Web Vitals] TTFB: 76ms (good) color: #0cce6b; font-weight: bold; @ webpack-internal:///(app-pages-browser)/./node_modules/@sentry/react/node_modules/@sentry/core/build/esm/instrument/console.js:43
[     738ms] [INFO] Banner not shown: beforeinstallpromptevent.preventDefault() called. The page must call beforeinstallpromptevent.prompt() to show the banner. @ http://localhost:3000/customer-loyalty?bust=1:0
[     749ms] [LOG] %c[Web Vitals] CLS: 0.001ms (good) color: #0cce6b; font-weight: bold; @ webpack-internal:///(app-pages-browser)/./node_modules/@sentry/react/node_modules/@sentry/core/build/esm/instrument/console.js:43
[     749ms] [LOG] %c[Web Vitals] CLS: 0.001ms (good) color: #0cce6b; font-weight: bold; @ webpack-internal:///(app-pages-browser)/./node_modules/@sentry/react/node_modules/@sentry/core/build/esm/instrument/console.js:43
[     806ms] [ERROR] Failed to load resource: the server responded with a status of 401 (Unauthorized) @ http://localhost:3000/api/csrf:0
[     807ms] [ERROR] [csrfFetch] Failed to obtain CSRF token: 401 @ webpack-internal:///(app-pages-browser)/./node_modules/next/dist/client/app-index.js:32
[    1159ms] [LOG] %c[Web Vitals] LCP: 1108ms (good) color: #0cce6b; font-weight: bold; @ webpack-internal:///(app-pages-browser)/./node_modules/@sentry/react/node_modules/@sentry/core/build/esm/instrument/console.js:43
[    1159ms] [LOG] %c[Web Vitals] LCP: 1108ms (good) color: #0cce6b; font-weight: bold; @ webpack-internal:///(app-pages-browser)/./node_modules/@sentry/react/node_modules/@sentry/core/build/esm/instrument/console.js:43
[    1207ms] [LOG] %c[Web Vitals] LCP: 1156ms (good) color: #0cce6b; font-weight: bold; @ webpack-internal:///(app-pages-browser)/./node_modules/@sentry/react/node_modules/@sentry/core/build/esm/instrument/console.js:43
[    1207ms] [LOG] %c[Web Vitals] LCP: 1156ms (good) color: #0cce6b; font-weight: bold; @ webpack-internal:///(app-pages-browser)/./node_modules/@sentry/react/node_modules/@sentry/core/build/esm/instrument/console.js:43
[    1259ms] [LOG] %c[Web Vitals] LCP: 1208ms (good) color: #0cce6b; font-weight: bold; @ webpack-internal:///(app-pages-browser)/./node_modules/@sentry/react/node_modules/@sentry/core/build/esm/instrument/console.js:43
[    1259ms] [LOG] %c[Web Vitals] LCP: 1208ms (good) color: #0cce6b; font-weight: bold; @ webpack-internal:///(app-pages-browser)/./node_modules/@sentry/react/node_modules/@sentry/core/build/esm/instrument/console.js:43
[    2892ms] [ERROR] Failed to load resource: the server responded with a status of 401 (Unauthorized) @ http://localhost:3000/api/hypercredits/wallet:0
[   12950ms] [ERROR] Failed to load resource: the server responded with a status of 401 (Unauthorized) @ http://localhost:3000/api/csrf:0
[   12950ms] [ERROR] [csrfFetch] Failed to obtain CSRF token: 401 @ webpack-internal:///(app-pages-browser)/./node_modules/next/dist/client/app-index.js:32
[   12973ms] [ERROR] Failed to load resource: the server responded with a status of 401 (Unauthorized) @ http://localhost:3000/api/hypercredits/wallet:0
