[     134ms] [ERROR] Failed to load resource: the server responded with a status of 404 (Not Found) @ http://localhost:3000/api/analytics/role-selection:0
[    1077ms] [LOG] [Fast Refresh] rebuilding @ webpack-internal:///(app-pages-browser)/./node_modules/@sentry/react/node_modules/@sentry/core/build/esm/instrument/console.js:43
[    2791ms] [LOG] [Fast Refresh] done in 1714ms @ webpack-internal:///(app-pages-browser)/./node_modules/@sentry/react/node_modules/@sentry/core/build/esm/instrument/console.js:43
[    3330ms] [INFO] %cDownload the React DevTools for a better development experience: https://reactjs.org/link/react-devtools font-weight:bold @ webpack-internal:///(app-pages-browser)/./node_modules/next/dist/compiled/react-dom/cjs/react-dom.development.js:38559
[    3462ms] [WARNING] Image with src "http://localhost:3000/fa-logo-white.svg" has either width or height modified, but not the other. If you use CSS to change the size of your image, also include the styles 'width: "auto"' or 'height: "auto"' to maintain the aspect ratio. @ webpack-internal:///(app-pages-browser)/./node_modules/@sentry/react/node_modules/@sentry/core/build/esm/instrument/console.js:43
[    3463ms] [LOG] %c[Web Vitals] LCP: 2964ms (needs-improvement) color: #ffa400; font-weight: bold; @ webpack-internal:///(app-pages-browser)/./node_modules/@sentry/react/node_modules/@sentry/core/build/esm/instrument/console.js:43
[    3463ms] [LOG] %c[Web Vitals] FCP: 2964ms (needs-improvement) color: #ffa400; font-weight: bold; @ webpack-internal:///(app-pages-browser)/./node_modules/@sentry/react/node_modules/@sentry/core/build/esm/instrument/console.js:43
[    3463ms] [LOG] %c[Web Vitals] TTFB: 2839ms (poor) color: #ff4e42; font-weight: bold; @ webpack-internal:///(app-pages-browser)/./node_modules/@sentry/react/node_modules/@sentry/core/build/esm/instrument/console.js:43
[    3463ms] [LOG] %c[Web Vitals] LCP: 2964ms (needs-improvement) color: #ffa400; font-weight: bold; @ webpack-internal:///(app-pages-browser)/./node_modules/@sentry/react/node_modules/@sentry/core/build/esm/instrument/console.js:43
[    3463ms] [LOG] %c[Web Vitals] FCP: 2964ms (needs-improvement) color: #ffa400; font-weight: bold; @ webpack-internal:///(app-pages-browser)/./node_modules/@sentry/react/node_modules/@sentry/core/build/esm/instrument/console.js:43
[    3463ms] [LOG] %c[Web Vitals] TTFB: 2839ms (poor) color: #ff4e42; font-weight: bold; @ webpack-internal:///(app-pages-browser)/./node_modules/@sentry/react/node_modules/@sentry/core/build/esm/instrument/console.js:43
[    3547ms] [INFO] Banner not shown: beforeinstallpromptevent.preventDefault() called. The page must call beforeinstallpromptevent.prompt() to show the banner. @ http://localhost:3000/auth/logout:0
[    8058ms] [ERROR] Failed to load resource: the server responded with a status of 401 (Unauthorized) @ http://localhost:3000/api/auth/admin-check:0
[    8370ms] [LOG] %c[Web Vitals] CLS: 0.000ms (good) color: #0cce6b; font-weight: bold; @ webpack-internal:///(app-pages-browser)/./node_modules/@sentry/react/node_modules/@sentry/core/build/esm/instrument/console.js:43
[    8370ms] [LOG] %c[Web Vitals] CLS: 0.000ms (good) color: #0cce6b; font-weight: bold; @ webpack-internal:///(app-pages-browser)/./node_modules/@sentry/react/node_modules/@sentry/core/build/esm/instrument/console.js:43
[    8377ms] [LOG] %c[Web Vitals] CLS: 0.000ms (good) color: #0cce6b; font-weight: bold; @ webpack-internal:///(app-pages-browser)/./node_modules/@sentry/react/node_modules/@sentry/core/build/esm/instrument/console.js:43
[    8377ms] [LOG] %c[Web Vitals] CLS: 0.000ms (good) color: #0cce6b; font-weight: bold; @ webpack-internal:///(app-pages-browser)/./node_modules/@sentry/react/node_modules/@sentry/core/build/esm/instrument/console.js:43
[    8400ms] [LOG] %c[Web Vitals] CLS: 0.000ms (good) color: #0cce6b; font-weight: bold; @ webpack-internal:///(app-pages-browser)/./node_modules/@sentry/react/node_modules/@sentry/core/build/esm/instrument/console.js:43
[    8400ms] [LOG] %c[Web Vitals] CLS: 0.000ms (good) color: #0cce6b; font-weight: bold; @ webpack-internal:///(app-pages-browser)/./node_modules/@sentry/react/node_modules/@sentry/core/build/esm/instrument/console.js:43
[    8401ms] [INFO] Banner not shown: beforeinstallpromptevent.preventDefault() called. The page must call beforeinstallpromptevent.prompt() to show the banner. @ http://localhost:3000/:0
[    8405ms] [LOG] %c[Web Vitals] CLS: 0.000ms (good) color: #0cce6b; font-weight: bold; @ webpack-internal:///(app-pages-browser)/./node_modules/@sentry/react/node_modules/@sentry/core/build/esm/instrument/console.js:43
[    8405ms] [LOG] %c[Web Vitals] CLS: 0.000ms (good) color: #0cce6b; font-weight: bold; @ webpack-internal:///(app-pages-browser)/./node_modules/@sentry/react/node_modules/@sentry/core/build/esm/instrument/console.js:43
[    8411ms] [LOG] %c[Web Vitals] CLS: 0.000ms (good) color: #0cce6b; font-weight: bold; @ webpack-internal:///(app-pages-browser)/./node_modules/@sentry/react/node_modules/@sentry/core/build/esm/instrument/console.js:43
[    8412ms] [LOG] %c[Web Vitals] CLS: 0.000ms (good) color: #0cce6b; font-weight: bold; @ webpack-internal:///(app-pages-browser)/./node_modules/@sentry/react/node_modules/@sentry/core/build/esm/instrument/console.js:43
[    8419ms] [LOG] %c[Web Vitals] CLS: 0.000ms (good) color: #0cce6b; font-weight: bold; @ webpack-internal:///(app-pages-browser)/./node_modules/@sentry/react/node_modules/@sentry/core/build/esm/instrument/console.js:43
[    8419ms] [LOG] %c[Web Vitals] CLS: 0.000ms (good) color: #0cce6b; font-weight: bold; @ webpack-internal:///(app-pages-browser)/./node_modules/@sentry/react/node_modules/@sentry/core/build/esm/instrument/console.js:43
[    8426ms] [LOG] %c[Web Vitals] LCP: 8372ms (poor) color: #ff4e42; font-weight: bold; @ webpack-internal:///(app-pages-browser)/./node_modules/@sentry/react/node_modules/@sentry/core/build/esm/instrument/console.js:43
[    8426ms] [LOG] %c[Web Vitals] LCP: 8372ms (poor) color: #ff4e42; font-weight: bold; @ webpack-internal:///(app-pages-browser)/./node_modules/@sentry/react/node_modules/@sentry/core/build/esm/instrument/console.js:43
[    8427ms] [LOG] %c[Web Vitals] CLS: 0.000ms (good) color: #0cce6b; font-weight: bold; @ webpack-internal:///(app-pages-browser)/./node_modules/@sentry/react/node_modules/@sentry/core/build/esm/instrument/console.js:43
[    8427ms] [LOG] %c[Web Vitals] CLS: 0.000ms (good) color: #0cce6b; font-weight: bold; @ webpack-internal:///(app-pages-browser)/./node_modules/@sentry/react/node_modules/@sentry/core/build/esm/instrument/console.js:43
[    8435ms] [LOG] %c[Web Vitals] CLS: 0.000ms (good) color: #0cce6b; font-weight: bold; @ webpack-internal:///(app-pages-browser)/./node_modules/@sentry/react/node_modules/@sentry/core/build/esm/instrument/console.js:43
[    8435ms] [LOG] %c[Web Vitals] CLS: 0.000ms (good) color: #0cce6b; font-weight: bold; @ webpack-internal:///(app-pages-browser)/./node_modules/@sentry/react/node_modules/@sentry/core/build/esm/instrument/console.js:43
[    8443ms] [LOG] %c[Web Vitals] CLS: 0.000ms (good) color: #0cce6b; font-weight: bold; @ webpack-internal:///(app-pages-browser)/./node_modules/@sentry/react/node_modules/@sentry/core/build/esm/instrument/console.js:43
[    8444ms] [LOG] %c[Web Vitals] CLS: 0.000ms (good) color: #0cce6b; font-weight: bold; @ webpack-internal:///(app-pages-browser)/./node_modules/@sentry/react/node_modules/@sentry/core/build/esm/instrument/console.js:43
[    8452ms] [LOG] %c[Web Vitals] CLS: 0.000ms (good) color: #0cce6b; font-weight: bold; @ webpack-internal:///(app-pages-browser)/./node_modules/@sentry/react/node_modules/@sentry/core/build/esm/instrument/console.js:43
[    8452ms] [LOG] %c[Web Vitals] CLS: 0.000ms (good) color: #0cce6b; font-weight: bold; @ webpack-internal:///(app-pages-browser)/./node_modules/@sentry/react/node_modules/@sentry/core/build/esm/instrument/console.js:43
[    8460ms] [LOG] %c[Web Vitals] CLS: 0.000ms (good) color: #0cce6b; font-weight: bold; @ webpack-internal:///(app-pages-browser)/./node_modules/@sentry/react/node_modules/@sentry/core/build/esm/instrument/console.js:43
[    8460ms] [LOG] %c[Web Vitals] CLS: 0.000ms (good) color: #0cce6b; font-weight: bold; @ webpack-internal:///(app-pages-browser)/./node_modules/@sentry/react/node_modules/@sentry/core/build/esm/instrument/console.js:43
[    8468ms] [LOG] %c[Web Vitals] CLS: 0.000ms (good) color: #0cce6b; font-weight: bold; @ webpack-internal:///(app-pages-browser)/./node_modules/@sentry/react/node_modules/@sentry/core/build/esm/instrument/console.js:43
[    8468ms] [LOG] %c[Web Vitals] CLS: 0.000ms (good) color: #0cce6b; font-weight: bold; @ webpack-internal:///(app-pages-browser)/./node_modules/@sentry/react/node_modules/@sentry/core/build/esm/instrument/console.js:43
[    8477ms] [LOG] %c[Web Vitals] CLS: 0.000ms (good) color: #0cce6b; font-weight: bold; @ webpack-internal:///(app-pages-browser)/./node_modules/@sentry/react/node_modules/@sentry/core/build/esm/instrument/console.js:43
[    8477ms] [LOG] %c[Web Vitals] CLS: 0.000ms (good) color: #0cce6b; font-weight: bold; @ webpack-internal:///(app-pages-browser)/./node_modules/@sentry/react/node_modules/@sentry/core/build/esm/instrument/console.js:43
[    8485ms] [LOG] %c[Web Vitals] CLS: 0.000ms (good) color: #0cce6b; font-weight: bold; @ webpack-internal:///(app-pages-browser)/./node_modules/@sentry/react/node_modules/@sentry/core/build/esm/instrument/console.js:43
[    8485ms] [LOG] %c[Web Vitals] CLS: 0.000ms (good) color: #0cce6b; font-weight: bold; @ webpack-internal:///(app-pages-browser)/./node_modules/@sentry/react/node_modules/@sentry/core/build/esm/instrument/console.js:43
[    8494ms] [LOG] %c[Web Vitals] CLS: 0.000ms (good) color: #0cce6b; font-weight: bold; @ webpack-internal:///(app-pages-browser)/./node_modules/@sentry/react/node_modules/@sentry/core/build/esm/instrument/console.js:43
[    8494ms] [LOG] %c[Web Vitals] CLS: 0.000ms (good) color: #0cce6b; font-weight: bold; @ webpack-internal:///(app-pages-browser)/./node_modules/@sentry/react/node_modules/@sentry/core/build/esm/instrument/console.js:43
[    8502ms] [LOG] %c[Web Vitals] CLS: 0.000ms (good) color: #0cce6b; font-weight: bold; @ webpack-internal:///(app-pages-browser)/./node_modules/@sentry/react/node_modules/@sentry/core/build/esm/instrument/console.js:43
[    8502ms] [LOG] %c[Web Vitals] CLS: 0.000ms (good) color: #0cce6b; font-weight: bold; @ webpack-internal:///(app-pages-browser)/./node_modules/@sentry/react/node_modules/@sentry/core/build/esm/instrument/console.js:43
[    8510ms] [LOG] %c[Web Vitals] CLS: 0.000ms (good) color: #0cce6b; font-weight: bold; @ webpack-internal:///(app-pages-browser)/./node_modules/@sentry/react/node_modules/@sentry/core/build/esm/instrument/console.js:43
[    8510ms] [LOG] %c[Web Vitals] CLS: 0.000ms (good) color: #0cce6b; font-weight: bold; @ webpack-internal:///(app-pages-browser)/./node_modules/@sentry/react/node_modules/@sentry/core/build/esm/instrument/console.js:43
[    8518ms] [LOG] %c[Web Vitals] CLS: 0.000ms (good) color: #0cce6b; font-weight: bold; @ webpack-internal:///(app-pages-browser)/./node_modules/@sentry/react/node_modules/@sentry/core/build/esm/instrument/console.js:43
[    8518ms] [LOG] %c[Web Vitals] CLS: 0.000ms (good) color: #0cce6b; font-weight: bold; @ webpack-internal:///(app-pages-browser)/./node_modules/@sentry/react/node_modules/@sentry/core/build/esm/instrument/console.js:43
[    8527ms] [LOG] %c[Web Vitals] CLS: 0.000ms (good) color: #0cce6b; font-weight: bold; @ webpack-internal:///(app-pages-browser)/./node_modules/@sentry/react/node_modules/@sentry/core/build/esm/instrument/console.js:43
[    8527ms] [LOG] %c[Web Vitals] CLS: 0.000ms (good) color: #0cce6b; font-weight: bold; @ webpack-internal:///(app-pages-browser)/./node_modules/@sentry/react/node_modules/@sentry/core/build/esm/instrument/console.js:43
[    8535ms] [LOG] %c[Web Vitals] CLS: 0.000ms (good) color: #0cce6b; font-weight: bold; @ webpack-internal:///(app-pages-browser)/./node_modules/@sentry/react/node_modules/@sentry/core/build/esm/instrument/console.js:43
[    8536ms] [LOG] %c[Web Vitals] CLS: 0.000ms (good) color: #0cce6b; font-weight: bold; @ webpack-internal:///(app-pages-browser)/./node_modules/@sentry/react/node_modules/@sentry/core/build/esm/instrument/console.js:43
[    8544ms] [LOG] %c[Web Vitals] CLS: 0.000ms (good) color: #0cce6b; font-weight: bold; @ webpack-internal:///(app-pages-browser)/./node_modules/@sentry/react/node_modules/@sentry/core/build/esm/instrument/console.js:43
[    8544ms] [LOG] %c[Web Vitals] CLS: 0.000ms (good) color: #0cce6b; font-weight: bold; @ webpack-internal:///(app-pages-browser)/./node_modules/@sentry/react/node_modules/@sentry/core/build/esm/instrument/console.js:43
[    8552ms] [LOG] %c[Web Vitals] CLS: 0.000ms (good) color: #0cce6b; font-weight: bold; @ webpack-internal:///(app-pages-browser)/./node_modules/@sentry/react/node_modules/@sentry/core/build/esm/instrument/console.js:43
[    8552ms] [LOG] %c[Web Vitals] CLS: 0.000ms (good) color: #0cce6b; font-weight: bold; @ webpack-internal:///(app-pages-browser)/./node_modules/@sentry/react/node_modules/@sentry/core/build/esm/instrument/console.js:43
[    8560ms] [LOG] %c[Web Vitals] CLS: 0.000ms (good) color: #0cce6b; font-weight: bold; @ webpack-internal:///(app-pages-browser)/./node_modules/@sentry/react/node_modules/@sentry/core/build/esm/instrument/console.js:43
[    8561ms] [LOG] %c[Web Vitals] CLS: 0.000ms (good) color: #0cce6b; font-weight: bold; @ webpack-internal:///(app-pages-browser)/./node_modules/@sentry/react/node_modules/@sentry/core/build/esm/instrument/console.js:43
[    8568ms] [LOG] %c[Web Vitals] CLS: 0.000ms (good) color: #0cce6b; font-weight: bold; @ webpack-internal:///(app-pages-browser)/./node_modules/@sentry/react/node_modules/@sentry/core/build/esm/instrument/console.js:43
[    8569ms] [LOG] %c[Web Vitals] CLS: 0.000ms (good) color: #0cce6b; font-weight: bold; @ webpack-internal:///(app-pages-browser)/./node_modules/@sentry/react/node_modules/@sentry/core/build/esm/instrument/console.js:43
[    8577ms] [LOG] %c[Web Vitals] CLS: 0.000ms (good) color: #0cce6b; font-weight: bold; @ webpack-internal:///(app-pages-browser)/./node_modules/@sentry/react/node_modules/@sentry/core/build/esm/instrument/console.js:43
[    8577ms] [LOG] %c[Web Vitals] CLS: 0.000ms (good) color: #0cce6b; font-weight: bold; @ webpack-internal:///(app-pages-browser)/./node_modules/@sentry/react/node_modules/@sentry/core/build/esm/instrument/console.js:43
[    8585ms] [LOG] %c[Web Vitals] CLS: 0.000ms (good) color: #0cce6b; font-weight: bold; @ webpack-internal:///(app-pages-browser)/./node_modules/@sentry/react/node_modules/@sentry/core/build/esm/instrument/console.js:43
[    8585ms] [LOG] %c[Web Vitals] CLS: 0.000ms (good) color: #0cce6b; font-weight: bold; @ webpack-internal:///(app-pages-browser)/./node_modules/@sentry/react/node_modules/@sentry/core/build/esm/instrument/console.js:43
[    8594ms] [LOG] %c[Web Vitals] CLS: 0.000ms (good) color: #0cce6b; font-weight: bold; @ webpack-internal:///(app-pages-browser)/./node_modules/@sentry/react/node_modules/@sentry/core/build/esm/instrument/console.js:43
[    8594ms] [LOG] %c[Web Vitals] CLS: 0.000ms (good) color: #0cce6b; font-weight: bold; @ webpack-internal:///(app-pages-browser)/./node_modules/@sentry/react/node_modules/@sentry/core/build/esm/instrument/console.js:43
[    8601ms] [LOG] %c[Web Vitals] CLS: 0.000ms (good) color: #0cce6b; font-weight: bold; @ webpack-internal:///(app-pages-browser)/./node_modules/@sentry/react/node_modules/@sentry/core/build/esm/instrument/console.js:43
[    8601ms] [LOG] %c[Web Vitals] CLS: 0.000ms (good) color: #0cce6b; font-weight: bold; @ webpack-internal:///(app-pages-browser)/./node_modules/@sentry/react/node_modules/@sentry/core/build/esm/instrument/console.js:43
[    8610ms] [LOG] %c[Web Vitals] CLS: 0.000ms (good) color: #0cce6b; font-weight: bold; @ webpack-internal:///(app-pages-browser)/./node_modules/@sentry/react/node_modules/@sentry/core/build/esm/instrument/console.js:43
[    8610ms] [LOG] %c[Web Vitals] CLS: 0.000ms (good) color: #0cce6b; font-weight: bold; @ webpack-internal:///(app-pages-browser)/./node_modules/@sentry/react/node_modules/@sentry/core/build/esm/instrument/console.js:43
[    8619ms] [LOG] %c[Web Vitals] CLS: 0.000ms (good) color: #0cce6b; font-weight: bold; @ webpack-internal:///(app-pages-browser)/./node_modules/@sentry/react/node_modules/@sentry/core/build/esm/instrument/console.js:43
[    8619ms] [LOG] %c[Web Vitals] CLS: 0.000ms (good) color: #0cce6b; font-weight: bold; @ webpack-internal:///(app-pages-browser)/./node_modules/@sentry/react/node_modules/@sentry/core/build/esm/instrument/console.js:43
[    8627ms] [LOG] %c[Web Vitals] CLS: 0.000ms (good) color: #0cce6b; font-weight: bold; @ webpack-internal:///(app-pages-browser)/./node_modules/@sentry/react/node_modules/@sentry/core/build/esm/instrument/console.js:43
[    8627ms] [LOG] %c[Web Vitals] CLS: 0.000ms (good) color: #0cce6b; font-weight: bold; @ webpack-internal:///(app-pages-browser)/./node_modules/@sentry/react/node_modules/@sentry/core/build/esm/instrument/console.js:43
[    8635ms] [LOG] %c[Web Vitals] CLS: 0.000ms (good) color: #0cce6b; font-weight: bold; @ webpack-internal:///(app-pages-browser)/./node_modules/@sentry/react/node_modules/@sentry/core/build/esm/instrument/console.js:43
[    8635ms] [LOG] %c[Web Vitals] CLS: 0.000ms (good) color: #0cce6b; font-weight: bold; @ webpack-internal:///(app-pages-browser)/./node_modules/@sentry/react/node_modules/@sentry/core/build/esm/instrument/console.js:43
[    8644ms] [LOG] %c[Web Vitals] CLS: 0.000ms (good) color: #0cce6b; font-weight: bold; @ webpack-internal:///(app-pages-browser)/./node_modules/@sentry/react/node_modules/@sentry/core/build/esm/instrument/console.js:43
[    8644ms] [LOG] %c[Web Vitals] CLS: 0.000ms (good) color: #0cce6b; font-weight: bold; @ webpack-internal:///(app-pages-browser)/./node_modules/@sentry/react/node_modules/@sentry/core/build/esm/instrument/console.js:43
[    8651ms] [LOG] %c[Web Vitals] CLS: 0.000ms (good) color: #0cce6b; font-weight: bold; @ webpack-internal:///(app-pages-browser)/./node_modules/@sentry/react/node_modules/@sentry/core/build/esm/instrument/console.js:43
[    8651ms] [LOG] %c[Web Vitals] CLS: 0.000ms (good) color: #0cce6b; font-weight: bold; @ webpack-internal:///(app-pages-browser)/./node_modules/@sentry/react/node_modules/@sentry/core/build/esm/instrument/console.js:43
[    8660ms] [LOG] %c[Web Vitals] CLS: 0.000ms (good) color: #0cce6b; font-weight: bold; @ webpack-internal:///(app-pages-browser)/./node_modules/@sentry/react/node_modules/@sentry/core/build/esm/instrument/console.js:43
[    8660ms] [LOG] %c[Web Vitals] CLS: 0.000ms (good) color: #0cce6b; font-weight: bold; @ webpack-internal:///(app-pages-browser)/./node_modules/@sentry/react/node_modules/@sentry/core/build/esm/instrument/console.js:43
[    8668ms] [LOG] %c[Web Vitals] CLS: 0.000ms (good) color: #0cce6b; font-weight: bold; @ webpack-internal:///(app-pages-browser)/./node_modules/@sentry/react/node_modules/@sentry/core/build/esm/instrument/console.js:43
[    8668ms] [LOG] %c[Web Vitals] CLS: 0.000ms (good) color: #0cce6b; font-weight: bold; @ webpack-internal:///(app-pages-browser)/./node_modules/@sentry/react/node_modules/@sentry/core/build/esm/instrument/console.js:43
[    8676ms] [LOG] %c[Web Vitals] CLS: 0.000ms (good) color: #0cce6b; font-weight: bold; @ webpack-internal:///(app-pages-browser)/./node_modules/@sentry/react/node_modules/@sentry/core/build/esm/instrument/console.js:43
[    8677ms] [LOG] %c[Web Vitals] CLS: 0.000ms (good) color: #0cce6b; font-weight: bold; @ webpack-internal:///(app-pages-browser)/./node_modules/@sentry/react/node_modules/@sentry/core/build/esm/instrument/console.js:43
[    8685ms] [LOG] %c[Web Vitals] CLS: 0.000ms (good) color: #0cce6b; font-weight: bold; @ webpack-internal:///(app-pages-browser)/./node_modules/@sentry/react/node_modules/@sentry/core/build/esm/instrument/console.js:43
[    8685ms] [LOG] %c[Web Vitals] CLS: 0.000ms (good) color: #0cce6b; font-weight: bold; @ webpack-internal:///(app-pages-browser)/./node_modules/@sentry/react/node_modules/@sentry/core/build/esm/instrument/console.js:43
[    8693ms] [LOG] %c[Web Vitals] CLS: 0.000ms (good) color: #0cce6b; font-weight: bold; @ webpack-internal:///(app-pages-browser)/./node_modules/@sentry/react/node_modules/@sentry/core/build/esm/instrument/console.js:43
[    8693ms] [LOG] %c[Web Vitals] CLS: 0.000ms (good) color: #0cce6b; font-weight: bold; @ webpack-internal:///(app-pages-browser)/./node_modules/@sentry/react/node_modules/@sentry/core/build/esm/instrument/console.js:43
[    8702ms] [LOG] %c[Web Vitals] CLS: 0.000ms (good) color: #0cce6b; font-weight: bold; @ webpack-internal:///(app-pages-browser)/./node_modules/@sentry/react/node_modules/@sentry/core/build/esm/instrument/console.js:43
[    8702ms] [LOG] %c[Web Vitals] CLS: 0.000ms (good) color: #0cce6b; font-weight: bold; @ webpack-internal:///(app-pages-browser)/./node_modules/@sentry/react/node_modules/@sentry/core/build/esm/instrument/console.js:43
[    8710ms] [LOG] %c[Web Vitals] CLS: 0.000ms (good) color: #0cce6b; font-weight: bold; @ webpack-internal:///(app-pages-browser)/./node_modules/@sentry/react/node_modules/@sentry/core/build/esm/instrument/console.js:43
[    8710ms] [LOG] %c[Web Vitals] CLS: 0.000ms (good) color: #0cce6b; font-weight: bold; @ webpack-internal:///(app-pages-browser)/./node_modules/@sentry/react/node_modules/@sentry/core/build/esm/instrument/console.js:43
[    8718ms] [LOG] %c[Web Vitals] CLS: 0.000ms (good) color: #0cce6b; font-weight: bold; @ webpack-internal:///(app-pages-browser)/./node_modules/@sentry/react/node_modules/@sentry/core/build/esm/instrument/console.js:43
[    8718ms] [LOG] %c[Web Vitals] CLS: 0.000ms (good) color: #0cce6b; font-weight: bold; @ webpack-internal:///(app-pages-browser)/./node_modules/@sentry/react/node_modules/@sentry/core/build/esm/instrument/console.js:43
[    8726ms] [LOG] %c[Web Vitals] CLS: 0.000ms (good) color: #0cce6b; font-weight: bold; @ webpack-internal:///(app-pages-browser)/./node_modules/@sentry/react/node_modules/@sentry/core/build/esm/instrument/console.js:43
[    8726ms] [LOG] %c[Web Vitals] CLS: 0.000ms (good) color: #0cce6b; font-weight: bold; @ webpack-internal:///(app-pages-browser)/./node_modules/@sentry/react/node_modules/@sentry/core/build/esm/instrument/console.js:43
[    8735ms] [LOG] %c[Web Vitals] CLS: 0.000ms (good) color: #0cce6b; font-weight: bold; @ webpack-internal:///(app-pages-browser)/./node_modules/@sentry/react/node_modules/@sentry/core/build/esm/instrument/console.js:43
[    8735ms] [LOG] %c[Web Vitals] CLS: 0.000ms (good) color: #0cce6b; font-weight: bold; @ webpack-internal:///(app-pages-browser)/./node_modules/@sentry/react/node_modules/@sentry/core/build/esm/instrument/console.js:43
[    8744ms] [LOG] %c[Web Vitals] CLS: 0.000ms (good) color: #0cce6b; font-weight: bold; @ webpack-internal:///(app-pages-browser)/./node_modules/@sentry/react/node_modules/@sentry/core/build/esm/instrument/console.js:43
[    8744ms] [LOG] %c[Web Vitals] CLS: 0.000ms (good) color: #0cce6b; font-weight: bold; @ webpack-internal:///(app-pages-browser)/./node_modules/@sentry/react/node_modules/@sentry/core/build/esm/instrument/console.js:43
[    8752ms] [LOG] %c[Web Vitals] CLS: 0.000ms (good) color: #0cce6b; font-weight: bold; @ webpack-internal:///(app-pages-browser)/./node_modules/@sentry/react/node_modules/@sentry/core/build/esm/instrument/console.js:43
[    8752ms] [LOG] %c[Web Vitals] CLS: 0.000ms (good) color: #0cce6b; font-weight: bold; @ webpack-internal:///(app-pages-browser)/./node_modules/@sentry/react/node_modules/@sentry/core/build/esm/instrument/console.js:43
[    8761ms] [LOG] %c[Web Vitals] CLS: 0.000ms (good) color: #0cce6b; font-weight: bold; @ webpack-internal:///(app-pages-browser)/./node_modules/@sentry/react/node_modules/@sentry/core/build/esm/instrument/console.js:43
[    8761ms] [LOG] %c[Web Vitals] CLS: 0.000ms (good) color: #0cce6b; font-weight: bold; @ webpack-internal:///(app-pages-browser)/./node_modules/@sentry/react/node_modules/@sentry/core/build/esm/instrument/console.js:43
[    8770ms] [LOG] %c[Web Vitals] CLS: 0.000ms (good) color: #0cce6b; font-weight: bold; @ webpack-internal:///(app-pages-browser)/./node_modules/@sentry/react/node_modules/@sentry/core/build/esm/instrument/console.js:43
[    8770ms] [LOG] %c[Web Vitals] CLS: 0.000ms (good) color: #0cce6b; font-weight: bold; @ webpack-internal:///(app-pages-browser)/./node_modules/@sentry/react/node_modules/@sentry/core/build/esm/instrument/console.js:43
[    8778ms] [LOG] %c[Web Vitals] CLS: 0.000ms (good) color: #0cce6b; font-weight: bold; @ webpack-internal:///(app-pages-browser)/./node_modules/@sentry/react/node_modules/@sentry/core/build/esm/instrument/console.js:43
[    8778ms] [LOG] %c[Web Vitals] CLS: 0.000ms (good) color: #0cce6b; font-weight: bold; @ webpack-internal:///(app-pages-browser)/./node_modules/@sentry/react/node_modules/@sentry/core/build/esm/instrument/console.js:43
[    8786ms] [LOG] %c[Web Vitals] CLS: 0.000ms (good) color: #0cce6b; font-weight: bold; @ webpack-internal:///(app-pages-browser)/./node_modules/@sentry/react/node_modules/@sentry/core/build/esm/instrument/console.js:43
[    8786ms] [LOG] %c[Web Vitals] CLS: 0.000ms (good) color: #0cce6b; font-weight: bold; @ webpack-internal:///(app-pages-browser)/./node_modules/@sentry/react/node_modules/@sentry/core/build/esm/instrument/console.js:43
[    8794ms] [LOG] %c[Web Vitals] CLS: 0.000ms (good) color: #0cce6b; font-weight: bold; @ webpack-internal:///(app-pages-browser)/./node_modules/@sentry/react/node_modules/@sentry/core/build/esm/instrument/console.js:43
[    8794ms] [LOG] %c[Web Vitals] CLS: 0.000ms (good) color: #0cce6b; font-weight: bold; @ webpack-internal:///(app-pages-browser)/./node_modules/@sentry/react/node_modules/@sentry/core/build/esm/instrument/console.js:43
[    8802ms] [LOG] %c[Web Vitals] CLS: 0.000ms (good) color: #0cce6b; font-weight: bold; @ webpack-internal:///(app-pages-browser)/./node_modules/@sentry/react/node_modules/@sentry/core/build/esm/instrument/console.js:43
[    8802ms] [LOG] %c[Web Vitals] CLS: 0.000ms (good) color: #0cce6b; font-weight: bold; @ webpack-internal:///(app-pages-browser)/./node_modules/@sentry/react/node_modules/@sentry/core/build/esm/instrument/console.js:43
[    8811ms] [LOG] %c[Web Vitals] CLS: 0.000ms (good) color: #0cce6b; font-weight: bold; @ webpack-internal:///(app-pages-browser)/./node_modules/@sentry/react/node_modules/@sentry/core/build/esm/instrument/console.js:43
[    8811ms] [LOG] %c[Web Vitals] CLS: 0.000ms (good) color: #0cce6b; font-weight: bold; @ webpack-internal:///(app-pages-browser)/./node_modules/@sentry/react/node_modules/@sentry/core/build/esm/instrument/console.js:43
[    8819ms] [LOG] %c[Web Vitals] CLS: 0.000ms (good) color: #0cce6b; font-weight: bold; @ webpack-internal:///(app-pages-browser)/./node_modules/@sentry/react/node_modules/@sentry/core/build/esm/instrument/console.js:43
[    8820ms] [LOG] %c[Web Vitals] CLS: 0.000ms (good) color: #0cce6b; font-weight: bold; @ webpack-internal:///(app-pages-browser)/./node_modules/@sentry/react/node_modules/@sentry/core/build/esm/instrument/console.js:43
[    8828ms] [LOG] %c[Web Vitals] CLS: 0.000ms (good) color: #0cce6b; font-weight: bold; @ webpack-internal:///(app-pages-browser)/./node_modules/@sentry/react/node_modules/@sentry/core/build/esm/instrument/console.js:43
[    8828ms] [LOG] %c[Web Vitals] CLS: 0.000ms (good) color: #0cce6b; font-weight: bold; @ webpack-internal:///(app-pages-browser)/./node_modules/@sentry/react/node_modules/@sentry/core/build/esm/instrument/console.js:43
[    8838ms] [LOG] %c[Web Vitals] CLS: 0.000ms (good) color: #0cce6b; font-weight: bold; @ webpack-internal:///(app-pages-browser)/./node_modules/@sentry/react/node_modules/@sentry/core/build/esm/instrument/console.js:43
[    8838ms] [LOG] %c[Web Vitals] CLS: 0.000ms (good) color: #0cce6b; font-weight: bold; @ webpack-internal:///(app-pages-browser)/./node_modules/@sentry/react/node_modules/@sentry/core/build/esm/instrument/console.js:43
[    8846ms] [LOG] %c[Web Vitals] CLS: 0.000ms (good) color: #0cce6b; font-weight: bold; @ webpack-internal:///(app-pages-browser)/./node_modules/@sentry/react/node_modules/@sentry/core/build/esm/instrument/console.js:43
[    8847ms] [LOG] %c[Web Vitals] CLS: 0.000ms (good) color: #0cce6b; font-weight: bold; @ webpack-internal:///(app-pages-browser)/./node_modules/@sentry/react/node_modules/@sentry/core/build/esm/instrument/console.js:43
[    8852ms] [LOG] %c[Web Vitals] CLS: 0.000ms (good) color: #0cce6b; font-weight: bold; @ webpack-internal:///(app-pages-browser)/./node_modules/@sentry/react/node_modules/@sentry/core/build/esm/instrument/console.js:43
[    8853ms] [LOG] %c[Web Vitals] CLS: 0.000ms (good) color: #0cce6b; font-weight: bold; @ webpack-internal:///(app-pages-browser)/./node_modules/@sentry/react/node_modules/@sentry/core/build/esm/instrument/console.js:43
[    8862ms] [LOG] %c[Web Vitals] CLS: 0.000ms (good) color: #0cce6b; font-weight: bold; @ webpack-internal:///(app-pages-browser)/./node_modules/@sentry/react/node_modules/@sentry/core/build/esm/instrument/console.js:43
[    8862ms] [LOG] %c[Web Vitals] CLS: 0.000ms (good) color: #0cce6b; font-weight: bold; @ webpack-internal:///(app-pages-browser)/./node_modules/@sentry/react/node_modules/@sentry/core/build/esm/instrument/console.js:43
[    8870ms] [LOG] %c[Web Vitals] CLS: 0.000ms (good) color: #0cce6b; font-weight: bold; @ webpack-internal:///(app-pages-browser)/./node_modules/@sentry/react/node_modules/@sentry/core/build/esm/instrument/console.js:43
[    8870ms] [LOG] %c[Web Vitals] CLS: 0.000ms (good) color: #0cce6b; font-weight: bold; @ webpack-internal:///(app-pages-browser)/./node_modules/@sentry/react/node_modules/@sentry/core/build/esm/instrument/console.js:43
[    8878ms] [LOG] %c[Web Vitals] CLS: 0.000ms (good) color: #0cce6b; font-weight: bold; @ webpack-internal:///(app-pages-browser)/./node_modules/@sentry/react/node_modules/@sentry/core/build/esm/instrument/console.js:43
[    8879ms] [LOG] %c[Web Vitals] CLS: 0.000ms (good) color: #0cce6b; font-weight: bold; @ webpack-internal:///(app-pages-browser)/./node_modules/@sentry/react/node_modules/@sentry/core/build/esm/instrument/console.js:43
[    8886ms] [LOG] %c[Web Vitals] CLS: 0.000ms (good) color: #0cce6b; font-weight: bold; @ webpack-internal:///(app-pages-browser)/./node_modules/@sentry/react/node_modules/@sentry/core/build/esm/instrument/console.js:43
[    8886ms] [LOG] %c[Web Vitals] CLS: 0.000ms (good) color: #0cce6b; font-weight: bold; @ webpack-internal:///(app-pages-browser)/./node_modules/@sentry/react/node_modules/@sentry/core/build/esm/instrument/console.js:43
