[     593ms] [INFO] %cDownload the React DevTools for a better development experience: https://reactjs.org/link/react-devtools font-weight:bold @ webpack-internal:///(app-pages-browser)/./node_modules/next/dist/compiled/react-dom/cjs/react-dom.development.js:38559
[     782ms] [LOG] %c[Web Vitals] LCP: 292ms (good) color: #0cce6b; font-weight: bold; @ webpack-internal:///(app-pages-browser)/./node_modules/@sentry/react/node_modules/@sentry/core/build/esm/instrument/console.js:43
[     783ms] [LOG] %c[Web Vitals] FCP: 292ms (good) color: #0cce6b; font-weight: bold; @ webpack-internal:///(app-pages-browser)/./node_modules/@sentry/react/node_modules/@sentry/core/build/esm/instrument/console.js:43
[     783ms] [LOG] %c[Web Vitals] TTFB: 218ms (good) color: #0cce6b; font-weight: bold; @ webpack-internal:///(app-pages-browser)/./node_modules/@sentry/react/node_modules/@sentry/core/build/esm/instrument/console.js:43
[     783ms] [LOG] %c[Web Vitals] LCP: 292ms (good) color: #0cce6b; font-weight: bold; @ webpack-internal:///(app-pages-browser)/./node_modules/@sentry/react/node_modules/@sentry/core/build/esm/instrument/console.js:43
[     783ms] [LOG] %c[Web Vitals] FCP: 292ms (good) color: #0cce6b; font-weight: bold; @ webpack-internal:///(app-pages-browser)/./node_modules/@sentry/react/node_modules/@sentry/core/build/esm/instrument/console.js:43
[     783ms] [LOG] %c[Web Vitals] TTFB: 218ms (good) color: #0cce6b; font-weight: bold; @ webpack-internal:///(app-pages-browser)/./node_modules/@sentry/react/node_modules/@sentry/core/build/esm/instrument/console.js:43
[     878ms] [INFO] Banner not shown: beforeinstallpromptevent.preventDefault() called. The page must call beforeinstallpromptevent.prompt() to show the banner. @ http://localhost:3000/customer-loyalty?v=v2:0
[     906ms] [LOG] %c[Web Vitals] CLS: 0.001ms (good) color: #0cce6b; font-weight: bold; @ webpack-internal:///(app-pages-browser)/./node_modules/@sentry/react/node_modules/@sentry/core/build/esm/instrument/console.js:43
[     906ms] [LOG] %c[Web Vitals] CLS: 0.001ms (good) color: #0cce6b; font-weight: bold; @ webpack-internal:///(app-pages-browser)/./node_modules/@sentry/react/node_modules/@sentry/core/build/esm/instrument/console.js:43
[    1375ms] [LOG] %c[Web Vitals] LCP: 1328ms (good) color: #0cce6b; font-weight: bold; @ webpack-internal:///(app-pages-browser)/./node_modules/@sentry/react/node_modules/@sentry/core/build/esm/instrument/console.js:43
[    1375ms] [LOG] %c[Web Vitals] LCP: 1328ms (good) color: #0cce6b; font-weight: bold; @ webpack-internal:///(app-pages-browser)/./node_modules/@sentry/react/node_modules/@sentry/core/build/esm/instrument/console.js:43
[    1419ms] [LOG] %c[Web Vitals] LCP: 1372ms (good) color: #0cce6b; font-weight: bold; @ webpack-internal:///(app-pages-browser)/./node_modules/@sentry/react/node_modules/@sentry/core/build/esm/instrument/console.js:43
[    1419ms] [LOG] %c[Web Vitals] LCP: 1372ms (good) color: #0cce6b; font-weight: bold; @ webpack-internal:///(app-pages-browser)/./node_modules/@sentry/react/node_modules/@sentry/core/build/esm/instrument/console.js:43
[    4922ms] [ERROR] Failed to load resource: the server responded with a status of 401 (Unauthorized) @ http://localhost:3000/api/csrf:0
[    4923ms] [ERROR] [csrfFetch] Failed to obtain CSRF token: 401 @ webpack-internal:///(app-pages-browser)/./node_modules/next/dist/client/app-index.js:32
[    5289ms] [ERROR] Failed to load resource: the server responded with a status of 401 (Unauthorized) @ http://localhost:3000/api/hypercredits/wallet:0
[   15339ms] [ERROR] Failed to load resource: the server responded with a status of 401 (Unauthorized) @ http://localhost:3000/api/csrf:0
[   15339ms] [ERROR] [csrfFetch] Failed to obtain CSRF token: 401 @ webpack-internal:///(app-pages-browser)/./node_modules/next/dist/client/app-index.js:32
[   15362ms] [ERROR] Failed to load resource: the server responded with a status of 401 (Unauthorized) @ http://localhost:3000/api/hypercredits/wallet:0
